{
    "samplesheet_check snapshot test": {
        "content": [
            {
                "0": [
                    "project_gex_samplesheet.csv:md5,da57547681b84c09b1eb173cae014a53"
                ],
                "1": [

                ],
                "2": [
                    "project_contrast_samplesheet.csv:md5,a11ed7f973f579f771ab1ac48effd315"
                ],
                "3": [
                    "project_groups_samplesheet.csv:md5,b4643b0b4bc7bf076f1d4c9ee2008a39"
                ],
                "atac_samplesheet": [

                ],
                "contrast_samplesheet": [
                    "project_contrast_samplesheet.csv:md5,a11ed7f973f579f771ab1ac48effd315"
                ],
                "gex_samplesheet": [
                    "project_gex_samplesheet.csv:md5,da57547681b84c09b1eb173cae014a53"
                ],
                "group_samplesheet": [
                    "project_groups_samplesheet.csv:md5,b4643b0b4bc7bf076f1d4c9ee2008a39"
                ]
            }
        ],
        "meta": {
            "nf-test": "0.9.2",
            "nextflow": "24.10.3"
        },
        "timestamp": "2025-04-16T15:38:52.646431"
    }
}
